app/components/Sidebar/Sidebar.tsx(13,33): error TS2307: Cannot find module '@/app/containers/utils/session/CheckSession' or its corresponding type declarations.
app/components/Sidebar/Sidebar.tsx(14,27): error TS2307: Cannot find module '@/app/containers/utils/session/DecodeToken' or its corresponding type declarations.
app/components/Sidebar/Sidebar.tsx(15,24): error TS2732: Cannot find module '../../../menus_data.json'. Consider using '--resolveJsonModule' to import module with '.json' extension.
app/components/Sidebar/Sidebar.tsx(145,9): error TS17004: Cannot use JSX unless the '--jsx' flag is provided.
app/components/Sidebar/Sidebar.tsx(153,7): error TS17004: Cannot use JSX unless the '--jsx' flag is provided.
app/components/Sidebar/Sidebar.tsx(160,9): error TS17004: Cannot use JSX unless the '--jsx' flag is provided.
app/components/Sidebar/Sidebar.tsx(163,13): error TS17004: Cannot use JSX unless the '--jsx' flag is provided.
app/components/Sidebar/Sidebar.tsx(166,11): error TS17004: Cannot use JSX unless the '--jsx' flag is provided.
app/components/Sidebar/Sidebar.tsx(175,13): error TS17004: Cannot use JSX unless the '--jsx' flag is provided.
app/components/Sidebar/Sidebar.tsx(184,15): error TS17004: Cannot use JSX unless the '--jsx' flag is provided.
app/components/Sidebar/Sidebar.tsx(185,17): error TS17004: Cannot use JSX unless the '--jsx' flag is provided.
app/components/Sidebar/Sidebar.tsx(189,19): error TS17004: Cannot use JSX unless the '--jsx' flag is provided.
app/components/Sidebar/Sidebar.tsx(504,7): error TS17004: Cannot use JSX unless the '--jsx' flag is provided.
app/components/Sidebar/Sidebar.tsx(523,5): error TS17004: Cannot use JSX unless the '--jsx' flag is provided.
app/components/Sidebar/Sidebar.tsx(525,9): error TS17004: Cannot use JSX unless the '--jsx' flag is provided.
app/components/Sidebar/Sidebar.tsx(531,13): error TS17004: Cannot use JSX unless the '--jsx' flag is provided.
app/components/Sidebar/Sidebar.tsx(533,13): error TS17004: Cannot use JSX unless the '--jsx' flag is provided.
app/components/Sidebar/Sidebar.tsx(539,9): error TS17004: Cannot use JSX unless the '--jsx' flag is provided.
app/components/Sidebar/Sidebar.tsx(546,7): error TS17004: Cannot use JSX unless the '--jsx' flag is provided.
app/components/Sidebar/Sidebar.tsx(565,11): error TS17004: Cannot use JSX unless the '--jsx' flag is provided.
app/components/Sidebar/Sidebar.tsx(571,15): error TS17004: Cannot use JSX unless the '--jsx' flag is provided.
app/components/Sidebar/Sidebar.tsx(573,15): error TS17004: Cannot use JSX unless the '--jsx' flag is provided.
app/components/Sidebar/Sidebar.tsx(578,9): error TS17004: Cannot use JSX unless the '--jsx' flag is provided.
app/components/Sidebar/Sidebar.tsx(579,11): error TS17004: Cannot use JSX unless the '--jsx' flag is provided.
app/components/Sidebar/Sidebar.tsx(583,13): error TS17004: Cannot use JSX unless the '--jsx' flag is provided.
app/components/Sidebar/Sidebar.tsx(594,9): error TS17004: Cannot use JSX unless the '--jsx' flag is provided.
app/components/Sidebar/Sidebar.tsx(601,11): error TS17004: Cannot use JSX unless the '--jsx' flag is provided.
app/components/Sidebar/Sidebar.tsx(602,13): error TS17004: Cannot use JSX unless the '--jsx' flag is provided.
app/components/Sidebar/Sidebar.tsx(609,19): error TS17004: Cannot use JSX unless the '--jsx' flag is provided.
app/components/Sidebar/Sidebar.tsx(610,21): error TS17004: Cannot use JSX unless the '--jsx' flag is provided.
app/components/Sidebar/Sidebar.tsx(619,23): error TS17004: Cannot use JSX unless the '--jsx' flag is provided.
app/components/Sidebar/Sidebar.tsx(624,29): error TS17004: Cannot use JSX unless the '--jsx' flag is provided.
app/components/Sidebar/Sidebar.tsx(625,31): error TS17004: Cannot use JSX unless the '--jsx' flag is provided.
app/components/Sidebar/Sidebar.tsx(632,33): error TS17004: Cannot use JSX unless the '--jsx' flag is provided.
app/components/Sidebar/Sidebar.tsx(640,37): error TS17004: Cannot use JSX unless the '--jsx' flag is provided.
app/components/Sidebar/Sidebar.tsx(649,35): error TS17004: Cannot use JSX unless the '--jsx' flag is provided.
app/components/Sidebar/Sidebar.tsx(653,37): error TS17004: Cannot use JSX unless the '--jsx' flag is provided.
app/components/Sidebar/Sidebar.tsx(670,11): error TS17004: Cannot use JSX unless the '--jsx' flag is provided.
app/components/Sidebar/Sidebar.tsx(671,13): error TS17004: Cannot use JSX unless the '--jsx' flag is provided.
app/components/Sidebar/Sidebar.tsx(679,9): error TS17004: Cannot use JSX unless the '--jsx' flag is provided.
node_modules/@mui/system/borders/index.d.ts(1,10): error TS2305: Module '"./borders"' has no exported member 'default'.
node_modules/@mui/system/cssGrid/index.d.ts(1,10): error TS2305: Module '"./cssGrid"' has no exported member 'default'.
node_modules/@mui/system/display/index.d.ts(1,10): error TS2305: Module '"./display"' has no exported member 'default'.
node_modules/@mui/system/flexbox/index.d.ts(1,10): error TS2305: Module '"./flexbox"' has no exported member 'default'.
node_modules/@mui/system/palette/index.d.ts(1,10): error TS2305: Module '"./palette"' has no exported member 'default'.
node_modules/@mui/system/positions/index.d.ts(1,10): error TS2305: Module '"./positions"' has no exported member 'default'.
node_modules/@mui/system/shadows/index.d.ts(1,10): error TS2305: Module '"./shadows"' has no exported member 'default'.
node_modules/@mui/system/sizing/index.d.ts(1,10): error TS2305: Module '"./sizing"' has no exported member 'default'.
node_modules/@mui/system/spacing/index.d.ts(1,10): error TS2305: Module '"./spacing"' has no exported member 'default'.
node_modules/@mui/system/style/index.d.ts(1,10): error TS2305: Module '"./style"' has no exported member 'default'.
node_modules/@mui/system/typography/index.d.ts(1,10): error TS2305: Module '"./typography"' has no exported member 'default'.
node_modules/@mui/utils/chainPropTypes/chainPropTypes.d.ts(1,8): error TS1259: Module '"D:/persft/persft-admin-ui-web/node_modules/@types/prop-types/index"' can only be default-imported using the 'esModuleInterop' flag
node_modules/@mui/utils/elementAcceptingRef/elementAcceptingRef.d.ts(1,8): error TS1259: Module '"D:/persft/persft-admin-ui-web/node_modules/@types/prop-types/index"' can only be default-imported using the 'esModuleInterop' flag
node_modules/@mui/utils/elementTypeAcceptingRef/elementTypeAcceptingRef.d.ts(1,8): error TS1259: Module '"D:/persft/persft-admin-ui-web/node_modules/@types/prop-types/index"' can only be default-imported using the 'esModuleInterop' flag
node_modules/@mui/utils/integerPropType/integerPropType.d.ts(1,8): error TS1259: Module '"D:/persft/persft-admin-ui-web/node_modules/@types/prop-types/index"' can only be default-imported using the 'esModuleInterop' flag
node_modules/@mui/utils/refType/refType.d.ts(1,8): error TS1259: Module '"D:/persft/persft-admin-ui-web/node_modules/@types/prop-types/index"' can only be default-imported using the 'esModuleInterop' flag
node_modules/next/dist/build/templates/app-page.d.ts(11,25): error TS2307: Cannot find module 'VAR_MODULE_GLOBAL_ERROR' or its corresponding type declarations.
node_modules/next/dist/build/webpack-config.d.ts(10,104): error TS2694: Namespace '"D:/persft/persft-admin-ui-web/node_modules/next/dist/compiled/webpack/webpack".webpack' has no exported member 'RuleSetUseItem'.
node_modules/next/dist/build/webpack/loaders/next-app-loader/index.d.ts(1,13): error TS2613: Module '"D:/persft/persft-admin-ui-web/node_modules/next/dist/compiled/webpack/webpack"' has no default export. Did you mean to use 'import { webpack } from "D:/persft/persft-admin-ui-web/node_modules/next/dist/compiled/webpack/webpack"' instead?
node_modules/next/dist/client/components/error-boundary.d.ts(1,8): error TS1259: Module '"D:/persft/persft-admin-ui-web/node_modules/@types/react/index"' can only be default-imported using the 'esModuleInterop' flag
node_modules/next/dist/client/components/http-access-fallback/error-boundary.d.ts(11,8): error TS1259: Module '"D:/persft/persft-admin-ui-web/node_modules/@types/react/index"' can only be default-imported using the 'esModuleInterop' flag
node_modules/next/dist/client/components/layout-router.d.ts(2,8): error TS1259: Module '"D:/persft/persft-admin-ui-web/node_modules/@types/react/index"' can only be default-imported using the 'esModuleInterop' flag
node_modules/next/dist/client/image-component.d.ts(1,8): error TS1259: Module '"D:/persft/persft-admin-ui-web/node_modules/@types/react/index"' can only be default-imported using the 'esModuleInterop' flag
node_modules/next/dist/client/link.d.ts(1,8): error TS1259: Module '"D:/persft/persft-admin-ui-web/node_modules/@types/react/index"' can only be default-imported using the 'esModuleInterop' flag
node_modules/next/dist/client/with-router.d.ts(1,8): error TS1259: Module '"D:/persft/persft-admin-ui-web/node_modules/@types/react/index"' can only be default-imported using the 'esModuleInterop' flag
node_modules/next/dist/lib/metadata/metadata.d.ts(1,8): error TS1259: Module '"D:/persft/persft-admin-ui-web/node_modules/@types/react/index"' can only be default-imported using the 'esModuleInterop' flag
node_modules/next/dist/next-devtools/userspace/pages/pages-dev-overlay-setup.d.ts(1,8): error TS1259: Module '"D:/persft/persft-admin-ui-web/node_modules/@types/react/index"' can only be default-imported using the 'esModuleInterop' flag
node_modules/next/dist/server/app-render/entry-base.d.ts(1,114): error TS2307: Cannot find module 'react-server-dom-webpack/server' or its corresponding type declarations.
node_modules/next/dist/server/app-render/entry-base.d.ts(2,49): error TS2307: Cannot find module 'react-server-dom-webpack/static' or its corresponding type declarations.
node_modules/next/dist/server/web/spec-extension/adapters/headers.d.ts(39,16): error TS2304: Cannot find name 'HeadersIterator'.
node_modules/next/dist/server/web/spec-extension/adapters/headers.d.ts(40,13): error TS2304: Cannot find name 'HeadersIterator'.
node_modules/next/dist/server/web/spec-extension/adapters/headers.d.ts(41,15): error TS2304: Cannot find name 'HeadersIterator'.
node_modules/next/dist/server/web/spec-extension/adapters/headers.d.ts(42,26): error TS2304: Cannot find name 'HeadersIterator'.
node_modules/next/dist/shared/lib/amp-context.shared-runtime.d.ts(1,8): error TS1259: Module '"D:/persft/persft-admin-ui-web/node_modules/@types/react/index"' can only be default-imported using the 'esModuleInterop' flag
node_modules/next/dist/shared/lib/app-router-context.shared-runtime.d.ts(4,8): error TS1259: Module '"D:/persft/persft-admin-ui-web/node_modules/@types/react/index"' can only be default-imported using the 'esModuleInterop' flag
node_modules/next/dist/shared/lib/head-manager-context.shared-runtime.d.ts(1,8): error TS1259: Module '"D:/persft/persft-admin-ui-web/node_modules/@types/react/index"' can only be default-imported using the 'esModuleInterop' flag
node_modules/next/dist/shared/lib/image-config-context.shared-runtime.d.ts(1,8): error TS1259: Module '"D:/persft/persft-admin-ui-web/node_modules/@types/react/index"' can only be default-imported using the 'esModuleInterop' flag
node_modules/next/dist/shared/lib/loadable-context.shared-runtime.d.ts(1,8): error TS1259: Module '"D:/persft/persft-admin-ui-web/node_modules/@types/react/index"' can only be default-imported using the 'esModuleInterop' flag
node_modules/next/dist/shared/lib/loadable.shared-runtime.d.ts(21,8): error TS1259: Module '"D:/persft/persft-admin-ui-web/node_modules/@types/react/index"' can only be default-imported using the 'esModuleInterop' flag
node_modules/next/dist/shared/lib/router-context.shared-runtime.d.ts(1,8): error TS1259: Module '"D:/persft/persft-admin-ui-web/node_modules/@types/react/index"' can only be default-imported using the 'esModuleInterop' flag
node_modules/next/dist/shared/lib/server-inserted-html.shared-runtime.d.ts(1,8): error TS1259: Module '"D:/persft/persft-admin-ui-web/node_modules/@types/react/index"' can only be default-imported using the 'esModuleInterop' flag
node_modules/next/dist/shared/lib/utils.d.ts(10,13): error TS1192: Module '"fs"' has no default export.
node_modules/next/dist/types.d.ts(8,13): error TS1259: Module '"D:/persft/persft-admin-ui-web/node_modules/@types/react/index"' can only be default-imported using the 'esModuleInterop' flag
